// Jest Snapshot v1, https://goo.gl/fbAQLP

exports[`renders Home component 1`] = `
<div
  className="home"
>
  <h1
    className="home__heading"
  >
    Welcome to our page!
  </h1>
  <p
    className="home__para"
  >
    Lorem ipsum dolor sit amet, consectetur adipisicing elit. Quasi, distinctio. Dolorem unde distinctio reprehenderit ducimus blanditiis magnam deserunt, soluta, voluptatibus tenetur saepe deleniti aut. Aut odit cupiditate ab aliquam non.Lorem ipsum dolor sit amet, consectetur adipisicing elit. Quasi, distinctio. Dolorem unde distinctio reprehenderit ducimus blanditiis magnam deserunt, soluta, voluptatibus tenetur saepe deleniti aut. Aut odit cupiditate ab aliquam non.
  </p>
  <p
    className="home__para"
  >
    Lorem ipsum dolor sit amet, consectetur adipisicing elit. Quasi, distinctio. Dolorem unde distinctio reprehenderit ducimus blanditiis magnam deserunt, soluta, voluptatibus tenetur saepe deleniti aut. Aut odit cupiditate ab aliquam non.Lorem ipsum dolor sit amet, consectetur adipisicing elit. Quasi, distinctio. Dolorem unde distinctio reprehenderit ducimus blanditiis magnam deserunt, soluta, voluptatibus tenetur saepe deleniti aut. Aut odit cupiditate ab aliquam non.
  </p>
</div>
`;
